Thu Apr 05 2018 14:17:46 GMT+0500 (RTZ 4 (зима)) expected:4, got:4 passed
Thu Apr 05 2018 14:18:41 GMT+0500 (RTZ 4 (зима)) expected:5, got:4 passed
Thu Apr 05 2018 14:19:01 GMT+0500 (RTZ 4 (зима)) expected:3, got:4 passed
Thu Apr 05 2018 14:20:36 GMT+0500 (RTZ 4 (зима)) expected:2, got:4 failed
Thu Apr 05 2018 14:41:51 GMT+0500 (RTZ 4 (зима)) expected:2, got:4 failed
